// Jest Snapshot v1, https://goo.gl/fbAQLP

exports[`Current time  1`] = `
<div
  className="sc-bdVaJa hcxCtn"
>
  03:23
</div>
`;
