// Jest Snapshot v1, https://goo.gl/fbAQLP

exports[`SvgIcon 1`] = `
<svg
  className=""
  viewBox=""
>
  <div />
</svg>
`;
