// Jest Snapshot v1, https://goo.gl/fbAQLP

exports[`Title 1`] = `
<div
  className="css-rh87r1"
>
  Test
</div>
`;
